LAUNCH: 100 2021-04-01 13:01
UPGRADE: 2021-04-01 14:01
CHANGE: 2021-04-01 18:01
LAUNCH: 200 2021-04-01 18:01
CHANGE: -
LAUNCH: 100 2021-04-01 23:59
CALC: 100000 -
UPLOAD: 15000000000 15000000000 -
CALC: 50 -
UPLOAD: 15000000000 30000000000 -
UPLOAD: t
LAUNCH: 100 -
CALC: 60 2021-07-01 10:59
