UPLOAD: 1000 1000 -
DELETE: 500 -
DOWNLOAD: no such files
LAUNCH: 1000 2021-04-06 12:07
STOP: 500 2021-04-06 12:10
DELETE: please increase usage fee limit
CALC: 0 -
