UPLOAD: 3741280 3741280 -
UPLOAD: 7067630 7067630 -
CALC: 0 -
CALC: 0 -
DOWNLOAD: no such files
CALC: 0 -
CALC: 0 -
UPLOAD: 1587211 8654841 -
CALC: 0 -
DELETE: 8392549 -
CALC: 0 -
CALC: 0 -
UPLOAD: 2501075 10893624 -
CALC: 0 -
UPLOAD: 8518071 19411695 -
DOWNLOAD: 15466659 -
CALC: 0 -
CALC: 0 -
DOWNLOAD: 3135272 -
DELETE: 13176029 -
DELETE: 6513475 -
CALC: 0 -
CALC: 0 -
DELETE: 2473722 -
DELETE: no such files
DOWNLOAD: no such files
CALC: 0 -
CALC: 0 -
DOWNLOAD: no such files
CALC: 0 -
CALC: 0 -
CALC: 0 -
DOWNLOAD: no such files
CALC: 0 -
UPLOAD: 44535 2518257 -
CALC: 0 -
CALC: 0 -
CALC: 0 -
DOWNLOAD: 466507 -
CALC: 0 -
UPLOAD: 9659642 12177899 -
CALC: 0 -
DELETE: 10120883 -
