STOP: please correctly specify the instances
DELETE: no such files
CALC: 0 -
CALC: 0 -
DOWNLOAD: no such files
CALC: 0 -
CALC: 0 -
CALC: 0 -
CALC: 0 -
DELETE: no such files
CALC: 0 -
DELETE: no such files
CALC: 0 -
CALC: 0 -
CALC: 0 -
CALC: 0 -
CALC: 0 -
CALC: 0 -
CALC: 0 -
DOWNLOAD: no such files
LAUNCH: 3030 2032-03-15 02:01
CALC: 0 -
DELETE: no such files
UPLOAD: 1784600557 1784600557 -
CALC: 0 -
UPLOAD: 1836752822 3621353379 -
CALC: 0 -
CALC: 0 -
DELETE: 2676329690 -
CALC: 0 -
STOP: please correctly specify the instances
DOWNLOAD: 1169991468 -
CALC: 0 -
CALC: 0 -
DELETE: 1139679989 -
CALC: 0 -
LAUNCH: 5507 2032-11-01 08:21
CALC: 0 -
LAUNCH: 3812 2032-12-16 08:11
UPLOAD: please increase usage fee limit
CALC: 0 -
CALC: 0 -
UPLOAD: 1108718440 2248398429 -
CALC: 0 -
CALC: 0 -
CALC: 0 -
CALC: 0 -
CALC: 0 -
CALC: 0 -
CALC: 0 -
CALC: 0 -
CALC: 0 -
STOP: please correctly specify the instances
CALC: 0 -
DOWNLOAD: 1747971498 -
