LAUNCH: 1 2045-02-05 10:34
LAUNCH: please increase usage fee limit
CALC: 0 -
STOP: please correctly specify the instances
STOP: please correctly specify the instances
CALC: 0 -
CALC: 0 -
CALC: 0 -
LAUNCH: 2 2045-06-22 04:37
CALC: 0 -
STOP: please correctly specify the instances
LAUNCH: 2 2045-07-20 23:47
CALC: 0 -
CALC: 0 -
STOP: please correctly specify the instances
CALC: 0 -
CALC: 0 -
STOP: please correctly specify the instances
CALC: 0 -
STOP: please correctly specify the instances
LAUNCH: 3 2045-12-25 18:36
CALC: 0 -
CALC: 0 -
LAUNCH: 3 2046-02-16 02:18
CALC: 0 -
CALC: 0 -
CALC: 0 -
CALC: 0 -
LAUNCH: 3 2046-06-07 20:07
STOP: please increase usage fee limit
CALC: 0 -
LAUNCH: 2 2046-07-12 06:18
STOP: please increase usage fee limit
CALC: 0 -
LAUNCH: 3 2046-08-11 11:13
CALC: 0 -
LAUNCH: 3 2046-09-02 19:30
CALC: 0 -
CALC: 0 -
CALC: 0 -
LAUNCH: 2 2046-12-22 17:48
STOP: please increase usage fee limit
