LAUNCH: 2 2051-04-06 13:24
DELETE: no such files
CALC: 0 -
LAUNCH: 2 2051-05-15 07:38
CALC: 0 -
CALC: 0 -
CALC: 0 -
DELETE: no such files
CALC: 0 -
DOWNLOAD: no such files
CALC: 0 -
CALC: 0 -
UPLOAD: 4538386 4538386 -
CALC: 0 -
DELETE: no such files
DELETE: no such files
CALC: 0 -
UPLOAD: 3714132 8252518 -
CALC: 0 -
CALC: 0 -
DELETE: 6406988 -
CALC: 0 -
UPLOAD: 315265 6722253 -
CALC: 0 -
LAUNCH: 3 2052-05-13 11:05
DOWNLOAD: please increase usage fee limit
DELETE: please increase usage fee limit
CALC: 0 -
CALC: 0 -
LAUNCH: 3 2052-07-08 09:22
CALC: 0 -
DELETE: no such files
CALC: 0 -
LAUNCH: 1 2052-09-08 21:21
LAUNCH: please increase usage fee limit
CALC: 0 -
CALC: 0 -
LAUNCH: 2 2052-11-06 19:46
DOWNLOAD: please increase usage fee limit
