DOWNLOAD: t
CALC: 0 -
CALC: 0 -
CALC: 0 -
DELETE: no such files
CALC: 0 -
UPLOAD: t
