STOP: please correctly specify the instances
CALC: 0 -
UPGRADE: -
CHANGE: -
CALC: 0 -
DELETE: no such files
CALC: 0 -
CALC: 0 -
DELETE: no such files
CALC: 0 -
DOWNLOAD: no such files
CALC: 0 -
CALC: 0 -
UPLOAD: 7417604 7417604 -
CALC: 0 -
CALC: 0 -
DELETE: 4579674 -
DELETE: no such files
CALC: 0 -
CALC: 0 -
LAUNCH: 1 2050-12-26 02:03
CALC: 10000 -
STOP: please correctly specify the instances
CALC: 0 -
UPGRADE: accepted
CALC: 0 -
DOWNLOAD: no such files
UPLOAD: 5578736 10158410 -
CALC: 0 -
UPLOAD: 4280596 14439006 -
CALC: 0 -
LAUNCH: 2 2051-05-14 11:20
CALC: 10000 -
CHANGE: -
CALC: 0 -
CALC: 0 -
CALC: 0 -
UPGRADE: accepted
CALC: 0 -
DOWNLOAD: 8216565 -
CALC: 0 -
CALC: 0 -
UPGRADE: accepted
